CentOS7默认数据库是mariadb,配置等用着不习惯,因此决定改成mysql,但是CentOS7的yum源中默认好像是没有mysql的。为了解决这个问题，我们要先下载mysql的repo源。

1.下载mysql的repo源
$ wget http://repo.mysql.com/mysql-community-release-el7-5.noarch.rpm
地址选择官网地址下载

2.安装mysql-community-release-el7-5.noarch.rpm包
$ sudo rpm -ivh mysql-community-release-el7-5.noarch.rpm
安装这个包后，会获得两个mysql的yum repo源：/etc/yum.repos.d/mysql-community.repo，/etc/yum.repos.d/mysql-community-source.repo。

3.安装mysql
$ sudo yum install mysql-server
根据提示安装就可以了,不过安装完成后没有密码,需要重置密码

4.重置mysql密码
$ mysql -u root
登录时有可能报这样的错：ERROR 2002 (HY000): Can‘t connect to local MySQL server through socket ‘/var/lib/mysql/mysql.sock‘ (2)，原因是/var/lib/mysql的访问权限问题。下面的命令把/var/lib/mysql的拥有者改为当前用户：

$ sudo chown -R root:root /var/lib/mysql
重启mysql服务
$ service mysqld restart

接下来登录重置密码：
$ mysql -u root  //直接回车进入mysql控制台
mysql > use mysql;
mysql > update user set password=password('123456') where user='root';
mysql > exit;


修改密码：
SET PASSWORD FOR 'root'@'localhost' = PASSWORD('password');  # 在MySQL命令行中设置root账户的密码为password
编码：
show variables like 'char%'; //注意修改my.cnf配置文件，否则会乱码
开启远程连接权限:
flush privileges;
修改安全级别：
 set global validate_password_policy=0;//validate_password_length为密码长度



